// Jest Snapshot v1, https://goo.gl/fbAQLP

exports[`Level 23 Matches the correct snapshot 1`] = `
Array [
  Array [
    Array [
      Array [
        Object {
          "movableEntity": null,
          "staticEntity": null,
        },
        Object {
          "movableEntity": null,
          "staticEntity": null,
        },
        Object {
          "movableEntity": Object {
            "color": "#ff0000",
            "entityId": "BLOCK",
            "id": 1,
          },
          "staticEntity": Object {
            "entityId": "FLOOR",
            "id": 2,
          },
        },
        Object {
          "movableEntity": null,
          "staticEntity": null,
        },
        Object {
          "movableEntity": null,
          "staticEntity": null,
        },
        Object {
          "movableEntity": null,
          "staticEntity": null,
        },
        Object {
          "movableEntity": null,
          "staticEntity": null,
        },
      ],
      Array [
        Object {
          "movableEntity": null,
          "staticEntity": Object {
            "entityId": "FLOOR",
            "id": 4,
          },
        },
        Object {
          "movableEntity": Object {
            "color": "#ff0000",
            "entityId": "BLOCK",
            "id": 3,
          },
          "staticEntity": Object {
            "entityId": "FLOOR",
            "id": 5,
          },
        },
        Object {
          "movableEntity": null,
          "staticEntity": Object {
            "entityId": "FLOOR",
            "id": 7,
          },
        },
        Object {
          "movableEntity": Object {
            "entityId": "CRATE",
            "id": 6,
            "moved": true,
          },
          "staticEntity": Object {
            "entityId": "FLOOR",
            "id": 9,
          },
        },
        Object {
          "movableEntity": Object {
            "color": "#FFFF00",
            "entityId": "BLOCK",
            "id": 8,
          },
          "staticEntity": Object {
            "entityId": "FLOOR",
            "id": 10,
          },
        },
        Object {
          "movableEntity": null,
          "staticEntity": null,
        },
        Object {
          "movableEntity": null,
          "staticEntity": null,
        },
      ],
      Array [
        Object {
          "movableEntity": null,
          "staticEntity": null,
        },
        Object {
          "movableEntity": null,
          "staticEntity": Object {
            "entityId": "FLOOR",
            "id": 11,
          },
        },
        Object {
          "movableEntity": null,
          "staticEntity": Object {
            "entityId": "FLOOR",
            "id": 13,
          },
        },
        Object {
          "movableEntity": Object {
            "color": "#0000FF",
            "entityId": "BLOCK",
            "id": 12,
          },
          "staticEntity": Object {
            "entityId": "FLOOR",
            "id": 15,
          },
        },
        Object {
          "movableEntity": Object {
            "entityId": "CRATE",
            "id": 14,
            "moved": true,
          },
          "staticEntity": Object {
            "entityId": "FLOOR",
            "id": 16,
          },
        },
        Object {
          "movableEntity": null,
          "staticEntity": Object {
            "entityId": "FLOOR",
            "id": 17,
          },
        },
        Object {
          "movableEntity": Object {
            "color": "#FFFF00",
            "entityId": "BLOCK",
            "id": 18,
          },
          "staticEntity": Object {
            "entityId": "FLOOR",
            "id": 19,
          },
        },
      ],
      Array [
        Object {
          "movableEntity": null,
          "staticEntity": null,
        },
        Object {
          "movableEntity": null,
          "staticEntity": null,
        },
        Object {
          "movableEntity": null,
          "staticEntity": null,
        },
        Object {
          "movableEntity": null,
          "staticEntity": Object {
            "entityId": "FLOOR",
            "id": 20,
          },
        },
        Object {
          "movableEntity": null,
          "staticEntity": Object {
            "entityId": "FLOOR",
            "id": 21,
          },
        },
        Object {
          "movableEntity": null,
          "staticEntity": Object {
            "entityId": "FLOOR",
            "id": 22,
          },
        },
        Object {
          "movableEntity": null,
          "staticEntity": null,
        },
      ],
      Array [
        Object {
          "movableEntity": null,
          "staticEntity": null,
        },
        Object {
          "movableEntity": null,
          "staticEntity": null,
        },
        Object {
          "movableEntity": null,
          "staticEntity": null,
        },
        Object {
          "movableEntity": Object {
            "color": "#0000FF",
            "entityId": "BLOCK",
            "id": 23,
          },
          "staticEntity": Object {
            "entityId": "FLOOR",
            "id": 24,
          },
        },
        Object {
          "movableEntity": null,
          "staticEntity": null,
        },
        Object {
          "movableEntity": null,
          "staticEntity": null,
        },
        Object {
          "movableEntity": null,
          "staticEntity": null,
        },
      ],
    ],
    Array [
      Array [
        Object {
          "movableEntity": null,
          "staticEntity": null,
        },
        Object {
          "movableEntity": null,
          "staticEntity": null,
        },
        Object {
          "movableEntity": Object {
            "color": "#ff0000",
            "entityId": "BLOCK",
            "id": 1,
          },
          "staticEntity": Object {
            "entityId": "FLOOR",
            "id": 2,
          },
        },
        Object {
          "movableEntity": null,
          "staticEntity": null,
        },
        Object {
          "movableEntity": null,
          "staticEntity": null,
        },
        Object {
          "movableEntity": null,
          "staticEntity": null,
        },
        Object {
          "movableEntity": null,
          "staticEntity": null,
        },
      ],
      Array [
        Object {
          "movableEntity": null,
          "staticEntity": Object {
            "entityId": "FLOOR",
            "id": 4,
          },
        },
        Object {
          "movableEntity": null,
          "staticEntity": Object {
            "entityId": "FLOOR",
            "id": 5,
          },
        },
        Object {
          "movableEntity": Object {
            "color": "#ff0000",
            "entityId": "BLOCK",
            "id": 3,
          },
          "staticEntity": Object {
            "entityId": "FLOOR",
            "id": 7,
          },
        },
        Object {
          "movableEntity": Object {
            "entityId": "CRATE",
            "id": 6,
            "moved": true,
          },
          "staticEntity": Object {
            "entityId": "FLOOR",
            "id": 9,
          },
        },
        Object {
          "movableEntity": Object {
            "color": "#FFFF00",
            "entityId": "BLOCK",
            "id": 8,
          },
          "staticEntity": Object {
            "entityId": "FLOOR",
            "id": 10,
          },
        },
        Object {
          "movableEntity": null,
          "staticEntity": null,
        },
        Object {
          "movableEntity": null,
          "staticEntity": null,
        },
      ],
      Array [
        Object {
          "movableEntity": null,
          "staticEntity": null,
        },
        Object {
          "movableEntity": null,
          "staticEntity": Object {
            "entityId": "FLOOR",
            "id": 11,
          },
        },
        Object {
          "movableEntity": null,
          "staticEntity": Object {
            "entityId": "FLOOR",
            "id": 13,
          },
        },
        Object {
          "movableEntity": Object {
            "color": "#0000FF",
            "entityId": "BLOCK",
            "id": 12,
          },
          "staticEntity": Object {
            "entityId": "FLOOR",
            "id": 15,
          },
        },
        Object {
          "movableEntity": Object {
            "entityId": "CRATE",
            "id": 14,
            "moved": true,
          },
          "staticEntity": Object {
            "entityId": "FLOOR",
            "id": 16,
          },
        },
        Object {
          "movableEntity": null,
          "staticEntity": Object {
            "entityId": "FLOOR",
            "id": 17,
          },
        },
        Object {
          "movableEntity": Object {
            "color": "#FFFF00",
            "entityId": "BLOCK",
            "id": 18,
          },
          "staticEntity": Object {
            "entityId": "FLOOR",
            "id": 19,
          },
        },
      ],
      Array [
        Object {
          "movableEntity": null,
          "staticEntity": null,
        },
        Object {
          "movableEntity": null,
          "staticEntity": null,
        },
        Object {
          "movableEntity": null,
          "staticEntity": null,
        },
        Object {
          "movableEntity": null,
          "staticEntity": Object {
            "entityId": "FLOOR",
            "id": 20,
          },
        },
        Object {
          "movableEntity": null,
          "staticEntity": Object {
            "entityId": "FLOOR",
            "id": 21,
          },
        },
        Object {
          "movableEntity": null,
          "staticEntity": Object {
            "entityId": "FLOOR",
            "id": 22,
          },
        },
        Object {
          "movableEntity": null,
          "staticEntity": null,
        },
      ],
      Array [
        Object {
          "movableEntity": null,
          "staticEntity": null,
        },
        Object {
          "movableEntity": null,
          "staticEntity": null,
        },
        Object {
          "movableEntity": null,
          "staticEntity": null,
        },
        Object {
          "movableEntity": Object {
            "color": "#0000FF",
            "entityId": "BLOCK",
            "id": 23,
          },
          "staticEntity": Object {
            "entityId": "FLOOR",
            "id": 24,
          },
        },
        Object {
          "movableEntity": null,
          "staticEntity": null,
        },
        Object {
          "movableEntity": null,
          "staticEntity": null,
        },
        Object {
          "movableEntity": null,
          "staticEntity": null,
        },
      ],
    ],
    Array [
      Array [
        Object {
          "movableEntity": null,
          "staticEntity": null,
        },
        Object {
          "movableEntity": null,
          "staticEntity": null,
        },
        Object {
          "movableEntity": Object {
            "color": "#ff0000",
            "entityId": "BLOCK",
            "fading": true,
            "id": 1,
          },
          "staticEntity": Object {
            "entityId": "FLOOR",
            "id": 2,
          },
        },
        Object {
          "movableEntity": null,
          "staticEntity": null,
        },
        Object {
          "movableEntity": null,
          "staticEntity": null,
        },
        Object {
          "movableEntity": null,
          "staticEntity": null,
        },
        Object {
          "movableEntity": null,
          "staticEntity": null,
        },
      ],
      Array [
        Object {
          "movableEntity": null,
          "staticEntity": Object {
            "entityId": "FLOOR",
            "id": 4,
          },
        },
        Object {
          "movableEntity": null,
          "staticEntity": Object {
            "entityId": "FLOOR",
            "id": 5,
          },
        },
        Object {
          "movableEntity": Object {
            "color": "#ff0000",
            "entityId": "BLOCK",
            "fading": true,
            "id": 3,
          },
          "staticEntity": Object {
            "entityId": "FLOOR",
            "id": 7,
          },
        },
        Object {
          "movableEntity": Object {
            "entityId": "CRATE",
            "id": 6,
            "moved": true,
          },
          "staticEntity": Object {
            "entityId": "FLOOR",
            "id": 9,
          },
        },
        Object {
          "movableEntity": Object {
            "color": "#FFFF00",
            "entityId": "BLOCK",
            "id": 8,
          },
          "staticEntity": Object {
            "entityId": "FLOOR",
            "id": 10,
          },
        },
        Object {
          "movableEntity": null,
          "staticEntity": null,
        },
        Object {
          "movableEntity": null,
          "staticEntity": null,
        },
      ],
      Array [
        Object {
          "movableEntity": null,
          "staticEntity": null,
        },
        Object {
          "movableEntity": null,
          "staticEntity": Object {
            "entityId": "FLOOR",
            "id": 11,
          },
        },
        Object {
          "movableEntity": null,
          "staticEntity": Object {
            "entityId": "FLOOR",
            "id": 13,
          },
        },
        Object {
          "movableEntity": Object {
            "color": "#0000FF",
            "entityId": "BLOCK",
            "id": 12,
          },
          "staticEntity": Object {
            "entityId": "FLOOR",
            "id": 15,
          },
        },
        Object {
          "movableEntity": Object {
            "entityId": "CRATE",
            "id": 14,
            "moved": true,
          },
          "staticEntity": Object {
            "entityId": "FLOOR",
            "id": 16,
          },
        },
        Object {
          "movableEntity": null,
          "staticEntity": Object {
            "entityId": "FLOOR",
            "id": 17,
          },
        },
        Object {
          "movableEntity": Object {
            "color": "#FFFF00",
            "entityId": "BLOCK",
            "id": 18,
          },
          "staticEntity": Object {
            "entityId": "FLOOR",
            "id": 19,
          },
        },
      ],
      Array [
        Object {
          "movableEntity": null,
          "staticEntity": null,
        },
        Object {
          "movableEntity": null,
          "staticEntity": null,
        },
        Object {
          "movableEntity": null,
          "staticEntity": null,
        },
        Object {
          "movableEntity": null,
          "staticEntity": Object {
            "entityId": "FLOOR",
            "id": 20,
          },
        },
        Object {
          "movableEntity": null,
          "staticEntity": Object {
            "entityId": "FLOOR",
            "id": 21,
          },
        },
        Object {
          "movableEntity": null,
          "staticEntity": Object {
            "entityId": "FLOOR",
            "id": 22,
          },
        },
        Object {
          "movableEntity": null,
          "staticEntity": null,
        },
      ],
      Array [
        Object {
          "movableEntity": null,
          "staticEntity": null,
        },
        Object {
          "movableEntity": null,
          "staticEntity": null,
        },
        Object {
          "movableEntity": null,
          "staticEntity": null,
        },
        Object {
          "movableEntity": Object {
            "color": "#0000FF",
            "entityId": "BLOCK",
            "id": 23,
          },
          "staticEntity": Object {
            "entityId": "FLOOR",
            "id": 24,
          },
        },
        Object {
          "movableEntity": null,
          "staticEntity": null,
        },
        Object {
          "movableEntity": null,
          "staticEntity": null,
        },
        Object {
          "movableEntity": null,
          "staticEntity": null,
        },
      ],
    ],
    Array [
      Array [
        Object {
          "movableEntity": null,
          "staticEntity": null,
        },
        Object {
          "movableEntity": null,
          "staticEntity": null,
        },
        Object {
          "movableEntity": null,
          "staticEntity": Object {
            "entityId": "FLOOR",
            "id": 2,
          },
        },
        Object {
          "movableEntity": null,
          "staticEntity": null,
        },
        Object {
          "movableEntity": null,
          "staticEntity": null,
        },
        Object {
          "movableEntity": null,
          "staticEntity": null,
        },
        Object {
          "movableEntity": null,
          "staticEntity": null,
        },
      ],
      Array [
        Object {
          "movableEntity": null,
          "staticEntity": Object {
            "entityId": "FLOOR",
            "id": 4,
          },
        },
        Object {
          "movableEntity": null,
          "staticEntity": Object {
            "entityId": "FLOOR",
            "id": 5,
          },
        },
        Object {
          "movableEntity": null,
          "staticEntity": Object {
            "entityId": "FLOOR",
            "id": 7,
          },
        },
        Object {
          "movableEntity": Object {
            "entityId": "CRATE",
            "id": 6,
            "moved": true,
          },
          "staticEntity": Object {
            "entityId": "FLOOR",
            "id": 9,
          },
        },
        Object {
          "movableEntity": Object {
            "color": "#FFFF00",
            "entityId": "BLOCK",
            "id": 8,
          },
          "staticEntity": Object {
            "entityId": "FLOOR",
            "id": 10,
          },
        },
        Object {
          "movableEntity": null,
          "staticEntity": null,
        },
        Object {
          "movableEntity": null,
          "staticEntity": null,
        },
      ],
      Array [
        Object {
          "movableEntity": null,
          "staticEntity": null,
        },
        Object {
          "movableEntity": null,
          "staticEntity": Object {
            "entityId": "FLOOR",
            "id": 11,
          },
        },
        Object {
          "movableEntity": null,
          "staticEntity": Object {
            "entityId": "FLOOR",
            "id": 13,
          },
        },
        Object {
          "movableEntity": Object {
            "color": "#0000FF",
            "entityId": "BLOCK",
            "id": 12,
          },
          "staticEntity": Object {
            "entityId": "FLOOR",
            "id": 15,
          },
        },
        Object {
          "movableEntity": Object {
            "entityId": "CRATE",
            "id": 14,
            "moved": true,
          },
          "staticEntity": Object {
            "entityId": "FLOOR",
            "id": 16,
          },
        },
        Object {
          "movableEntity": null,
          "staticEntity": Object {
            "entityId": "FLOOR",
            "id": 17,
          },
        },
        Object {
          "movableEntity": Object {
            "color": "#FFFF00",
            "entityId": "BLOCK",
            "id": 18,
          },
          "staticEntity": Object {
            "entityId": "FLOOR",
            "id": 19,
          },
        },
      ],
      Array [
        Object {
          "movableEntity": null,
          "staticEntity": null,
        },
        Object {
          "movableEntity": null,
          "staticEntity": null,
        },
        Object {
          "movableEntity": null,
          "staticEntity": null,
        },
        Object {
          "movableEntity": null,
          "staticEntity": Object {
            "entityId": "FLOOR",
            "id": 20,
          },
        },
        Object {
          "movableEntity": null,
          "staticEntity": Object {
            "entityId": "FLOOR",
            "id": 21,
          },
        },
        Object {
          "movableEntity": null,
          "staticEntity": Object {
            "entityId": "FLOOR",
            "id": 22,
          },
        },
        Object {
          "movableEntity": null,
          "staticEntity": null,
        },
      ],
      Array [
        Object {
          "movableEntity": null,
          "staticEntity": null,
        },
        Object {
          "movableEntity": null,
          "staticEntity": null,
        },
        Object {
          "movableEntity": null,
          "staticEntity": null,
        },
        Object {
          "movableEntity": Object {
            "color": "#0000FF",
            "entityId": "BLOCK",
            "id": 23,
          },
          "staticEntity": Object {
            "entityId": "FLOOR",
            "id": 24,
          },
        },
        Object {
          "movableEntity": null,
          "staticEntity": null,
        },
        Object {
          "movableEntity": null,
          "staticEntity": null,
        },
        Object {
          "movableEntity": null,
          "staticEntity": null,
        },
      ],
    ],
    Array [
      Array [
        Object {
          "movableEntity": null,
          "staticEntity": null,
        },
        Object {
          "movableEntity": null,
          "staticEntity": null,
        },
        Object {
          "movableEntity": null,
          "staticEntity": Object {
            "entityId": "FLOOR",
            "id": 2,
          },
        },
        Object {
          "movableEntity": null,
          "staticEntity": null,
        },
        Object {
          "movableEntity": null,
          "staticEntity": null,
        },
        Object {
          "movableEntity": null,
          "staticEntity": null,
        },
        Object {
          "movableEntity": null,
          "staticEntity": null,
        },
      ],
      Array [
        Object {
          "movableEntity": null,
          "staticEntity": Object {
            "entityId": "FLOOR",
            "id": 4,
          },
        },
        Object {
          "movableEntity": null,
          "staticEntity": Object {
            "entityId": "FLOOR",
            "id": 5,
          },
        },
        Object {
          "movableEntity": null,
          "staticEntity": Object {
            "entityId": "FLOOR",
            "id": 7,
          },
        },
        Object {
          "movableEntity": Object {
            "entityId": "CRATE",
            "id": 6,
          },
          "staticEntity": Object {
            "entityId": "FLOOR",
            "id": 9,
          },
        },
        Object {
          "movableEntity": Object {
            "color": "#FFFF00",
            "entityId": "BLOCK",
            "id": 8,
          },
          "staticEntity": Object {
            "entityId": "FLOOR",
            "id": 10,
          },
        },
        Object {
          "movableEntity": null,
          "staticEntity": null,
        },
        Object {
          "movableEntity": null,
          "staticEntity": null,
        },
      ],
      Array [
        Object {
          "movableEntity": null,
          "staticEntity": null,
        },
        Object {
          "movableEntity": null,
          "staticEntity": Object {
            "entityId": "FLOOR",
            "id": 11,
          },
        },
        Object {
          "movableEntity": null,
          "staticEntity": Object {
            "entityId": "FLOOR",
            "id": 13,
          },
        },
        Object {
          "movableEntity": Object {
            "color": "#0000FF",
            "entityId": "BLOCK",
            "id": 12,
          },
          "staticEntity": Object {
            "entityId": "FLOOR",
            "id": 15,
          },
        },
        Object {
          "movableEntity": Object {
            "entityId": "CRATE",
            "id": 14,
          },
          "staticEntity": Object {
            "entityId": "FLOOR",
            "id": 16,
          },
        },
        Object {
          "movableEntity": null,
          "staticEntity": Object {
            "entityId": "FLOOR",
            "id": 17,
          },
        },
        Object {
          "movableEntity": Object {
            "color": "#FFFF00",
            "entityId": "BLOCK",
            "id": 18,
          },
          "staticEntity": Object {
            "entityId": "FLOOR",
            "id": 19,
          },
        },
      ],
      Array [
        Object {
          "movableEntity": null,
          "staticEntity": null,
        },
        Object {
          "movableEntity": null,
          "staticEntity": null,
        },
        Object {
          "movableEntity": null,
          "staticEntity": null,
        },
        Object {
          "movableEntity": null,
          "staticEntity": Object {
            "entityId": "FLOOR",
            "id": 20,
          },
        },
        Object {
          "movableEntity": null,
          "staticEntity": Object {
            "entityId": "FLOOR",
            "id": 21,
          },
        },
        Object {
          "movableEntity": null,
          "staticEntity": Object {
            "entityId": "FLOOR",
            "id": 22,
          },
        },
        Object {
          "movableEntity": null,
          "staticEntity": null,
        },
      ],
      Array [
        Object {
          "movableEntity": null,
          "staticEntity": null,
        },
        Object {
          "movableEntity": null,
          "staticEntity": null,
        },
        Object {
          "movableEntity": null,
          "staticEntity": null,
        },
        Object {
          "movableEntity": Object {
            "color": "#0000FF",
            "entityId": "BLOCK",
            "id": 23,
          },
          "staticEntity": Object {
            "entityId": "FLOOR",
            "id": 24,
          },
        },
        Object {
          "movableEntity": null,
          "staticEntity": null,
        },
        Object {
          "movableEntity": null,
          "staticEntity": null,
        },
        Object {
          "movableEntity": null,
          "staticEntity": null,
        },
      ],
    ],
  ],
  Array [
    Array [
      Array [
        Object {
          "movableEntity": null,
          "staticEntity": null,
        },
        Object {
          "movableEntity": null,
          "staticEntity": null,
        },
        Object {
          "movableEntity": null,
          "staticEntity": Object {
            "entityId": "FLOOR",
            "id": 2,
          },
        },
        Object {
          "movableEntity": null,
          "staticEntity": null,
        },
        Object {
          "movableEntity": null,
          "staticEntity": null,
        },
        Object {
          "movableEntity": null,
          "staticEntity": null,
        },
        Object {
          "movableEntity": null,
          "staticEntity": null,
        },
      ],
      Array [
        Object {
          "movableEntity": null,
          "staticEntity": Object {
            "entityId": "FLOOR",
            "id": 4,
          },
        },
        Object {
          "movableEntity": null,
          "staticEntity": Object {
            "entityId": "FLOOR",
            "id": 5,
          },
        },
        Object {
          "movableEntity": null,
          "staticEntity": Object {
            "entityId": "FLOOR",
            "id": 7,
          },
        },
        Object {
          "movableEntity": null,
          "staticEntity": Object {
            "entityId": "FLOOR",
            "id": 9,
          },
        },
        Object {
          "movableEntity": null,
          "staticEntity": Object {
            "entityId": "FLOOR",
            "id": 10,
          },
        },
        Object {
          "movableEntity": null,
          "staticEntity": null,
        },
        Object {
          "movableEntity": null,
          "staticEntity": null,
        },
      ],
      Array [
        Object {
          "movableEntity": null,
          "staticEntity": null,
        },
        Object {
          "movableEntity": null,
          "staticEntity": Object {
            "entityId": "FLOOR",
            "id": 11,
          },
        },
        Object {
          "movableEntity": null,
          "staticEntity": Object {
            "entityId": "FLOOR",
            "id": 13,
          },
        },
        Object {
          "movableEntity": Object {
            "entityId": "CRATE",
            "id": 6,
            "moved": true,
          },
          "staticEntity": Object {
            "entityId": "FLOOR",
            "id": 15,
          },
        },
        Object {
          "movableEntity": Object {
            "color": "#FFFF00",
            "entityId": "BLOCK",
            "id": 8,
          },
          "staticEntity": Object {
            "entityId": "FLOOR",
            "id": 16,
          },
        },
        Object {
          "movableEntity": null,
          "staticEntity": Object {
            "entityId": "FLOOR",
            "id": 17,
          },
        },
        Object {
          "movableEntity": Object {
            "color": "#FFFF00",
            "entityId": "BLOCK",
            "id": 18,
          },
          "staticEntity": Object {
            "entityId": "FLOOR",
            "id": 19,
          },
        },
      ],
      Array [
        Object {
          "movableEntity": null,
          "staticEntity": null,
        },
        Object {
          "movableEntity": null,
          "staticEntity": null,
        },
        Object {
          "movableEntity": null,
          "staticEntity": null,
        },
        Object {
          "movableEntity": Object {
            "color": "#0000FF",
            "entityId": "BLOCK",
            "id": 12,
          },
          "staticEntity": Object {
            "entityId": "FLOOR",
            "id": 20,
          },
        },
        Object {
          "movableEntity": Object {
            "entityId": "CRATE",
            "id": 14,
            "moved": true,
          },
          "staticEntity": Object {
            "entityId": "FLOOR",
            "id": 21,
          },
        },
        Object {
          "movableEntity": null,
          "staticEntity": Object {
            "entityId": "FLOOR",
            "id": 22,
          },
        },
        Object {
          "movableEntity": null,
          "staticEntity": null,
        },
      ],
      Array [
        Object {
          "movableEntity": null,
          "staticEntity": null,
        },
        Object {
          "movableEntity": null,
          "staticEntity": null,
        },
        Object {
          "movableEntity": null,
          "staticEntity": null,
        },
        Object {
          "movableEntity": Object {
            "color": "#0000FF",
            "entityId": "BLOCK",
            "id": 23,
          },
          "staticEntity": Object {
            "entityId": "FLOOR",
            "id": 24,
          },
        },
        Object {
          "movableEntity": null,
          "staticEntity": null,
        },
        Object {
          "movableEntity": null,
          "staticEntity": null,
        },
        Object {
          "movableEntity": null,
          "staticEntity": null,
        },
      ],
    ],
    Array [
      Array [
        Object {
          "movableEntity": null,
          "staticEntity": null,
        },
        Object {
          "movableEntity": null,
          "staticEntity": null,
        },
        Object {
          "movableEntity": null,
          "staticEntity": Object {
            "entityId": "FLOOR",
            "id": 2,
          },
        },
        Object {
          "movableEntity": null,
          "staticEntity": null,
        },
        Object {
          "movableEntity": null,
          "staticEntity": null,
        },
        Object {
          "movableEntity": null,
          "staticEntity": null,
        },
        Object {
          "movableEntity": null,
          "staticEntity": null,
        },
      ],
      Array [
        Object {
          "movableEntity": null,
          "staticEntity": Object {
            "entityId": "FLOOR",
            "id": 4,
          },
        },
        Object {
          "movableEntity": null,
          "staticEntity": Object {
            "entityId": "FLOOR",
            "id": 5,
          },
        },
        Object {
          "movableEntity": null,
          "staticEntity": Object {
            "entityId": "FLOOR",
            "id": 7,
          },
        },
        Object {
          "movableEntity": null,
          "staticEntity": Object {
            "entityId": "FLOOR",
            "id": 9,
          },
        },
        Object {
          "movableEntity": null,
          "staticEntity": Object {
            "entityId": "FLOOR",
            "id": 10,
          },
        },
        Object {
          "movableEntity": null,
          "staticEntity": null,
        },
        Object {
          "movableEntity": null,
          "staticEntity": null,
        },
      ],
      Array [
        Object {
          "movableEntity": null,
          "staticEntity": null,
        },
        Object {
          "movableEntity": null,
          "staticEntity": Object {
            "entityId": "FLOOR",
            "id": 11,
          },
        },
        Object {
          "movableEntity": null,
          "staticEntity": Object {
            "entityId": "FLOOR",
            "id": 13,
          },
        },
        Object {
          "movableEntity": Object {
            "entityId": "CRATE",
            "id": 6,
            "moved": true,
          },
          "staticEntity": Object {
            "entityId": "FLOOR",
            "id": 15,
          },
        },
        Object {
          "movableEntity": Object {
            "color": "#FFFF00",
            "entityId": "BLOCK",
            "id": 8,
          },
          "staticEntity": Object {
            "entityId": "FLOOR",
            "id": 16,
          },
        },
        Object {
          "movableEntity": null,
          "staticEntity": Object {
            "entityId": "FLOOR",
            "id": 17,
          },
        },
        Object {
          "movableEntity": Object {
            "color": "#FFFF00",
            "entityId": "BLOCK",
            "id": 18,
          },
          "staticEntity": Object {
            "entityId": "FLOOR",
            "id": 19,
          },
        },
      ],
      Array [
        Object {
          "movableEntity": null,
          "staticEntity": null,
        },
        Object {
          "movableEntity": null,
          "staticEntity": null,
        },
        Object {
          "movableEntity": null,
          "staticEntity": null,
        },
        Object {
          "movableEntity": Object {
            "color": "#0000FF",
            "entityId": "BLOCK",
            "fading": true,
            "id": 12,
          },
          "staticEntity": Object {
            "entityId": "FLOOR",
            "id": 20,
          },
        },
        Object {
          "movableEntity": Object {
            "entityId": "CRATE",
            "id": 14,
            "moved": true,
          },
          "staticEntity": Object {
            "entityId": "FLOOR",
            "id": 21,
          },
        },
        Object {
          "movableEntity": null,
          "staticEntity": Object {
            "entityId": "FLOOR",
            "id": 22,
          },
        },
        Object {
          "movableEntity": null,
          "staticEntity": null,
        },
      ],
      Array [
        Object {
          "movableEntity": null,
          "staticEntity": null,
        },
        Object {
          "movableEntity": null,
          "staticEntity": null,
        },
        Object {
          "movableEntity": null,
          "staticEntity": null,
        },
        Object {
          "movableEntity": Object {
            "color": "#0000FF",
            "entityId": "BLOCK",
            "fading": true,
            "id": 23,
          },
          "staticEntity": Object {
            "entityId": "FLOOR",
            "id": 24,
          },
        },
        Object {
          "movableEntity": null,
          "staticEntity": null,
        },
        Object {
          "movableEntity": null,
          "staticEntity": null,
        },
        Object {
          "movableEntity": null,
          "staticEntity": null,
        },
      ],
    ],
    Array [
      Array [
        Object {
          "movableEntity": null,
          "staticEntity": null,
        },
        Object {
          "movableEntity": null,
          "staticEntity": null,
        },
        Object {
          "movableEntity": null,
          "staticEntity": Object {
            "entityId": "FLOOR",
            "id": 2,
          },
        },
        Object {
          "movableEntity": null,
          "staticEntity": null,
        },
        Object {
          "movableEntity": null,
          "staticEntity": null,
        },
        Object {
          "movableEntity": null,
          "staticEntity": null,
        },
        Object {
          "movableEntity": null,
          "staticEntity": null,
        },
      ],
      Array [
        Object {
          "movableEntity": null,
          "staticEntity": Object {
            "entityId": "FLOOR",
            "id": 4,
          },
        },
        Object {
          "movableEntity": null,
          "staticEntity": Object {
            "entityId": "FLOOR",
            "id": 5,
          },
        },
        Object {
          "movableEntity": null,
          "staticEntity": Object {
            "entityId": "FLOOR",
            "id": 7,
          },
        },
        Object {
          "movableEntity": null,
          "staticEntity": Object {
            "entityId": "FLOOR",
            "id": 9,
          },
        },
        Object {
          "movableEntity": null,
          "staticEntity": Object {
            "entityId": "FLOOR",
            "id": 10,
          },
        },
        Object {
          "movableEntity": null,
          "staticEntity": null,
        },
        Object {
          "movableEntity": null,
          "staticEntity": null,
        },
      ],
      Array [
        Object {
          "movableEntity": null,
          "staticEntity": null,
        },
        Object {
          "movableEntity": null,
          "staticEntity": Object {
            "entityId": "FLOOR",
            "id": 11,
          },
        },
        Object {
          "movableEntity": null,
          "staticEntity": Object {
            "entityId": "FLOOR",
            "id": 13,
          },
        },
        Object {
          "movableEntity": Object {
            "entityId": "CRATE",
            "id": 6,
            "moved": true,
          },
          "staticEntity": Object {
            "entityId": "FLOOR",
            "id": 15,
          },
        },
        Object {
          "movableEntity": Object {
            "color": "#FFFF00",
            "entityId": "BLOCK",
            "id": 8,
          },
          "staticEntity": Object {
            "entityId": "FLOOR",
            "id": 16,
          },
        },
        Object {
          "movableEntity": null,
          "staticEntity": Object {
            "entityId": "FLOOR",
            "id": 17,
          },
        },
        Object {
          "movableEntity": Object {
            "color": "#FFFF00",
            "entityId": "BLOCK",
            "id": 18,
          },
          "staticEntity": Object {
            "entityId": "FLOOR",
            "id": 19,
          },
        },
      ],
      Array [
        Object {
          "movableEntity": null,
          "staticEntity": null,
        },
        Object {
          "movableEntity": null,
          "staticEntity": null,
        },
        Object {
          "movableEntity": null,
          "staticEntity": null,
        },
        Object {
          "movableEntity": null,
          "staticEntity": Object {
            "entityId": "FLOOR",
            "id": 20,
          },
        },
        Object {
          "movableEntity": Object {
            "entityId": "CRATE",
            "id": 14,
            "moved": true,
          },
          "staticEntity": Object {
            "entityId": "FLOOR",
            "id": 21,
          },
        },
        Object {
          "movableEntity": null,
          "staticEntity": Object {
            "entityId": "FLOOR",
            "id": 22,
          },
        },
        Object {
          "movableEntity": null,
          "staticEntity": null,
        },
      ],
      Array [
        Object {
          "movableEntity": null,
          "staticEntity": null,
        },
        Object {
          "movableEntity": null,
          "staticEntity": null,
        },
        Object {
          "movableEntity": null,
          "staticEntity": null,
        },
        Object {
          "movableEntity": null,
          "staticEntity": Object {
            "entityId": "FLOOR",
            "id": 24,
          },
        },
        Object {
          "movableEntity": null,
          "staticEntity": null,
        },
        Object {
          "movableEntity": null,
          "staticEntity": null,
        },
        Object {
          "movableEntity": null,
          "staticEntity": null,
        },
      ],
    ],
    Array [
      Array [
        Object {
          "movableEntity": null,
          "staticEntity": null,
        },
        Object {
          "movableEntity": null,
          "staticEntity": null,
        },
        Object {
          "movableEntity": null,
          "staticEntity": Object {
            "entityId": "FLOOR",
            "id": 2,
          },
        },
        Object {
          "movableEntity": null,
          "staticEntity": null,
        },
        Object {
          "movableEntity": null,
          "staticEntity": null,
        },
        Object {
          "movableEntity": null,
          "staticEntity": null,
        },
        Object {
          "movableEntity": null,
          "staticEntity": null,
        },
      ],
      Array [
        Object {
          "movableEntity": null,
          "staticEntity": Object {
            "entityId": "FLOOR",
            "id": 4,
          },
        },
        Object {
          "movableEntity": null,
          "staticEntity": Object {
            "entityId": "FLOOR",
            "id": 5,
          },
        },
        Object {
          "movableEntity": null,
          "staticEntity": Object {
            "entityId": "FLOOR",
            "id": 7,
          },
        },
        Object {
          "movableEntity": null,
          "staticEntity": Object {
            "entityId": "FLOOR",
            "id": 9,
          },
        },
        Object {
          "movableEntity": null,
          "staticEntity": Object {
            "entityId": "FLOOR",
            "id": 10,
          },
        },
        Object {
          "movableEntity": null,
          "staticEntity": null,
        },
        Object {
          "movableEntity": null,
          "staticEntity": null,
        },
      ],
      Array [
        Object {
          "movableEntity": null,
          "staticEntity": null,
        },
        Object {
          "movableEntity": null,
          "staticEntity": Object {
            "entityId": "FLOOR",
            "id": 11,
          },
        },
        Object {
          "movableEntity": null,
          "staticEntity": Object {
            "entityId": "FLOOR",
            "id": 13,
          },
        },
        Object {
          "movableEntity": Object {
            "entityId": "CRATE",
            "id": 6,
          },
          "staticEntity": Object {
            "entityId": "FLOOR",
            "id": 15,
          },
        },
        Object {
          "movableEntity": Object {
            "color": "#FFFF00",
            "entityId": "BLOCK",
            "id": 8,
          },
          "staticEntity": Object {
            "entityId": "FLOOR",
            "id": 16,
          },
        },
        Object {
          "movableEntity": null,
          "staticEntity": Object {
            "entityId": "FLOOR",
            "id": 17,
          },
        },
        Object {
          "movableEntity": Object {
            "color": "#FFFF00",
            "entityId": "BLOCK",
            "id": 18,
          },
          "staticEntity": Object {
            "entityId": "FLOOR",
            "id": 19,
          },
        },
      ],
      Array [
        Object {
          "movableEntity": null,
          "staticEntity": null,
        },
        Object {
          "movableEntity": null,
          "staticEntity": null,
        },
        Object {
          "movableEntity": null,
          "staticEntity": null,
        },
        Object {
          "movableEntity": null,
          "staticEntity": Object {
            "entityId": "FLOOR",
            "id": 20,
          },
        },
        Object {
          "movableEntity": Object {
            "entityId": "CRATE",
            "id": 14,
          },
          "staticEntity": Object {
            "entityId": "FLOOR",
            "id": 21,
          },
        },
        Object {
          "movableEntity": null,
          "staticEntity": Object {
            "entityId": "FLOOR",
            "id": 22,
          },
        },
        Object {
          "movableEntity": null,
          "staticEntity": null,
        },
      ],
      Array [
        Object {
          "movableEntity": null,
          "staticEntity": null,
        },
        Object {
          "movableEntity": null,
          "staticEntity": null,
        },
        Object {
          "movableEntity": null,
          "staticEntity": null,
        },
        Object {
          "movableEntity": null,
          "staticEntity": Object {
            "entityId": "FLOOR",
            "id": 24,
          },
        },
        Object {
          "movableEntity": null,
          "staticEntity": null,
        },
        Object {
          "movableEntity": null,
          "staticEntity": null,
        },
        Object {
          "movableEntity": null,
          "staticEntity": null,
        },
      ],
    ],
  ],
  Array [
    Array [
      Array [
        Object {
          "movableEntity": null,
          "staticEntity": null,
        },
        Object {
          "movableEntity": null,
          "staticEntity": null,
        },
        Object {
          "movableEntity": null,
          "staticEntity": Object {
            "entityId": "FLOOR",
            "id": 2,
          },
        },
        Object {
          "movableEntity": null,
          "staticEntity": null,
        },
        Object {
          "movableEntity": null,
          "staticEntity": null,
        },
        Object {
          "movableEntity": null,
          "staticEntity": null,
        },
        Object {
          "movableEntity": null,
          "staticEntity": null,
        },
      ],
      Array [
        Object {
          "movableEntity": null,
          "staticEntity": Object {
            "entityId": "FLOOR",
            "id": 4,
          },
        },
        Object {
          "movableEntity": null,
          "staticEntity": Object {
            "entityId": "FLOOR",
            "id": 5,
          },
        },
        Object {
          "movableEntity": null,
          "staticEntity": Object {
            "entityId": "FLOOR",
            "id": 7,
          },
        },
        Object {
          "movableEntity": null,
          "staticEntity": Object {
            "entityId": "FLOOR",
            "id": 9,
          },
        },
        Object {
          "movableEntity": null,
          "staticEntity": Object {
            "entityId": "FLOOR",
            "id": 10,
          },
        },
        Object {
          "movableEntity": null,
          "staticEntity": null,
        },
        Object {
          "movableEntity": null,
          "staticEntity": null,
        },
      ],
      Array [
        Object {
          "movableEntity": null,
          "staticEntity": null,
        },
        Object {
          "movableEntity": null,
          "staticEntity": Object {
            "entityId": "FLOOR",
            "id": 11,
          },
        },
        Object {
          "movableEntity": Object {
            "entityId": "CRATE",
            "id": 6,
            "moved": true,
          },
          "staticEntity": Object {
            "entityId": "FLOOR",
            "id": 13,
          },
        },
        Object {
          "movableEntity": Object {
            "color": "#FFFF00",
            "entityId": "BLOCK",
            "id": 8,
          },
          "staticEntity": Object {
            "entityId": "FLOOR",
            "id": 15,
          },
        },
        Object {
          "movableEntity": null,
          "staticEntity": Object {
            "entityId": "FLOOR",
            "id": 16,
          },
        },
        Object {
          "movableEntity": Object {
            "color": "#FFFF00",
            "entityId": "BLOCK",
            "id": 18,
          },
          "staticEntity": Object {
            "entityId": "FLOOR",
            "id": 17,
          },
        },
        Object {
          "movableEntity": null,
          "staticEntity": Object {
            "entityId": "FLOOR",
            "id": 19,
          },
        },
      ],
      Array [
        Object {
          "movableEntity": null,
          "staticEntity": null,
        },
        Object {
          "movableEntity": null,
          "staticEntity": null,
        },
        Object {
          "movableEntity": null,
          "staticEntity": null,
        },
        Object {
          "movableEntity": Object {
            "entityId": "CRATE",
            "id": 14,
            "moved": true,
          },
          "staticEntity": Object {
            "entityId": "FLOOR",
            "id": 20,
          },
        },
        Object {
          "movableEntity": null,
          "staticEntity": Object {
            "entityId": "FLOOR",
            "id": 21,
          },
        },
        Object {
          "movableEntity": null,
          "staticEntity": Object {
            "entityId": "FLOOR",
            "id": 22,
          },
        },
        Object {
          "movableEntity": null,
          "staticEntity": null,
        },
      ],
      Array [
        Object {
          "movableEntity": null,
          "staticEntity": null,
        },
        Object {
          "movableEntity": null,
          "staticEntity": null,
        },
        Object {
          "movableEntity": null,
          "staticEntity": null,
        },
        Object {
          "movableEntity": null,
          "staticEntity": Object {
            "entityId": "FLOOR",
            "id": 24,
          },
        },
        Object {
          "movableEntity": null,
          "staticEntity": null,
        },
        Object {
          "movableEntity": null,
          "staticEntity": null,
        },
        Object {
          "movableEntity": null,
          "staticEntity": null,
        },
      ],
    ],
    Array [
      Array [
        Object {
          "movableEntity": null,
          "staticEntity": null,
        },
        Object {
          "movableEntity": null,
          "staticEntity": null,
        },
        Object {
          "movableEntity": null,
          "staticEntity": Object {
            "entityId": "FLOOR",
            "id": 2,
          },
        },
        Object {
          "movableEntity": null,
          "staticEntity": null,
        },
        Object {
          "movableEntity": null,
          "staticEntity": null,
        },
        Object {
          "movableEntity": null,
          "staticEntity": null,
        },
        Object {
          "movableEntity": null,
          "staticEntity": null,
        },
      ],
      Array [
        Object {
          "movableEntity": null,
          "staticEntity": Object {
            "entityId": "FLOOR",
            "id": 4,
          },
        },
        Object {
          "movableEntity": null,
          "staticEntity": Object {
            "entityId": "FLOOR",
            "id": 5,
          },
        },
        Object {
          "movableEntity": null,
          "staticEntity": Object {
            "entityId": "FLOOR",
            "id": 7,
          },
        },
        Object {
          "movableEntity": null,
          "staticEntity": Object {
            "entityId": "FLOOR",
            "id": 9,
          },
        },
        Object {
          "movableEntity": null,
          "staticEntity": Object {
            "entityId": "FLOOR",
            "id": 10,
          },
        },
        Object {
          "movableEntity": null,
          "staticEntity": null,
        },
        Object {
          "movableEntity": null,
          "staticEntity": null,
        },
      ],
      Array [
        Object {
          "movableEntity": null,
          "staticEntity": null,
        },
        Object {
          "movableEntity": null,
          "staticEntity": Object {
            "entityId": "FLOOR",
            "id": 11,
          },
        },
        Object {
          "movableEntity": Object {
            "entityId": "CRATE",
            "id": 6,
            "moved": true,
          },
          "staticEntity": Object {
            "entityId": "FLOOR",
            "id": 13,
          },
        },
        Object {
          "movableEntity": Object {
            "color": "#FFFF00",
            "entityId": "BLOCK",
            "id": 8,
          },
          "staticEntity": Object {
            "entityId": "FLOOR",
            "id": 15,
          },
        },
        Object {
          "movableEntity": Object {
            "color": "#FFFF00",
            "entityId": "BLOCK",
            "id": 18,
          },
          "staticEntity": Object {
            "entityId": "FLOOR",
            "id": 16,
          },
        },
        Object {
          "movableEntity": null,
          "staticEntity": Object {
            "entityId": "FLOOR",
            "id": 17,
          },
        },
        Object {
          "movableEntity": null,
          "staticEntity": Object {
            "entityId": "FLOOR",
            "id": 19,
          },
        },
      ],
      Array [
        Object {
          "movableEntity": null,
          "staticEntity": null,
        },
        Object {
          "movableEntity": null,
          "staticEntity": null,
        },
        Object {
          "movableEntity": null,
          "staticEntity": null,
        },
        Object {
          "movableEntity": Object {
            "entityId": "CRATE",
            "id": 14,
            "moved": true,
          },
          "staticEntity": Object {
            "entityId": "FLOOR",
            "id": 20,
          },
        },
        Object {
          "movableEntity": null,
          "staticEntity": Object {
            "entityId": "FLOOR",
            "id": 21,
          },
        },
        Object {
          "movableEntity": null,
          "staticEntity": Object {
            "entityId": "FLOOR",
            "id": 22,
          },
        },
        Object {
          "movableEntity": null,
          "staticEntity": null,
        },
      ],
      Array [
        Object {
          "movableEntity": null,
          "staticEntity": null,
        },
        Object {
          "movableEntity": null,
          "staticEntity": null,
        },
        Object {
          "movableEntity": null,
          "staticEntity": null,
        },
        Object {
          "movableEntity": null,
          "staticEntity": Object {
            "entityId": "FLOOR",
            "id": 24,
          },
        },
        Object {
          "movableEntity": null,
          "staticEntity": null,
        },
        Object {
          "movableEntity": null,
          "staticEntity": null,
        },
        Object {
          "movableEntity": null,
          "staticEntity": null,
        },
      ],
    ],
    Array [
      Array [
        Object {
          "movableEntity": null,
          "staticEntity": null,
        },
        Object {
          "movableEntity": null,
          "staticEntity": null,
        },
        Object {
          "movableEntity": null,
          "staticEntity": Object {
            "entityId": "FLOOR",
            "id": 2,
          },
        },
        Object {
          "movableEntity": null,
          "staticEntity": null,
        },
        Object {
          "movableEntity": null,
          "staticEntity": null,
        },
        Object {
          "movableEntity": null,
          "staticEntity": null,
        },
        Object {
          "movableEntity": null,
          "staticEntity": null,
        },
      ],
      Array [
        Object {
          "movableEntity": null,
          "staticEntity": Object {
            "entityId": "FLOOR",
            "id": 4,
          },
        },
        Object {
          "movableEntity": null,
          "staticEntity": Object {
            "entityId": "FLOOR",
            "id": 5,
          },
        },
        Object {
          "movableEntity": null,
          "staticEntity": Object {
            "entityId": "FLOOR",
            "id": 7,
          },
        },
        Object {
          "movableEntity": null,
          "staticEntity": Object {
            "entityId": "FLOOR",
            "id": 9,
          },
        },
        Object {
          "movableEntity": null,
          "staticEntity": Object {
            "entityId": "FLOOR",
            "id": 10,
          },
        },
        Object {
          "movableEntity": null,
          "staticEntity": null,
        },
        Object {
          "movableEntity": null,
          "staticEntity": null,
        },
      ],
      Array [
        Object {
          "movableEntity": null,
          "staticEntity": null,
        },
        Object {
          "movableEntity": null,
          "staticEntity": Object {
            "entityId": "FLOOR",
            "id": 11,
          },
        },
        Object {
          "movableEntity": Object {
            "entityId": "CRATE",
            "id": 6,
            "moved": true,
          },
          "staticEntity": Object {
            "entityId": "FLOOR",
            "id": 13,
          },
        },
        Object {
          "movableEntity": Object {
            "color": "#FFFF00",
            "entityId": "BLOCK",
            "fading": true,
            "id": 8,
          },
          "staticEntity": Object {
            "entityId": "FLOOR",
            "id": 15,
          },
        },
        Object {
          "movableEntity": Object {
            "color": "#FFFF00",
            "entityId": "BLOCK",
            "fading": true,
            "id": 18,
          },
          "staticEntity": Object {
            "entityId": "FLOOR",
            "id": 16,
          },
        },
        Object {
          "movableEntity": null,
          "staticEntity": Object {
            "entityId": "FLOOR",
            "id": 17,
          },
        },
        Object {
          "movableEntity": null,
          "staticEntity": Object {
            "entityId": "FLOOR",
            "id": 19,
          },
        },
      ],
      Array [
        Object {
          "movableEntity": null,
          "staticEntity": null,
        },
        Object {
          "movableEntity": null,
          "staticEntity": null,
        },
        Object {
          "movableEntity": null,
          "staticEntity": null,
        },
        Object {
          "movableEntity": Object {
            "entityId": "CRATE",
            "id": 14,
            "moved": true,
          },
          "staticEntity": Object {
            "entityId": "FLOOR",
            "id": 20,
          },
        },
        Object {
          "movableEntity": null,
          "staticEntity": Object {
            "entityId": "FLOOR",
            "id": 21,
          },
        },
        Object {
          "movableEntity": null,
          "staticEntity": Object {
            "entityId": "FLOOR",
            "id": 22,
          },
        },
        Object {
          "movableEntity": null,
          "staticEntity": null,
        },
      ],
      Array [
        Object {
          "movableEntity": null,
          "staticEntity": null,
        },
        Object {
          "movableEntity": null,
          "staticEntity": null,
        },
        Object {
          "movableEntity": null,
          "staticEntity": null,
        },
        Object {
          "movableEntity": null,
          "staticEntity": Object {
            "entityId": "FLOOR",
            "id": 24,
          },
        },
        Object {
          "movableEntity": null,
          "staticEntity": null,
        },
        Object {
          "movableEntity": null,
          "staticEntity": null,
        },
        Object {
          "movableEntity": null,
          "staticEntity": null,
        },
      ],
    ],
    Array [
      Array [
        Object {
          "movableEntity": null,
          "staticEntity": null,
        },
        Object {
          "movableEntity": null,
          "staticEntity": null,
        },
        Object {
          "movableEntity": null,
          "staticEntity": Object {
            "entityId": "FLOOR",
            "id": 2,
          },
        },
        Object {
          "movableEntity": null,
          "staticEntity": null,
        },
        Object {
          "movableEntity": null,
          "staticEntity": null,
        },
        Object {
          "movableEntity": null,
          "staticEntity": null,
        },
        Object {
          "movableEntity": null,
          "staticEntity": null,
        },
      ],
      Array [
        Object {
          "movableEntity": null,
          "staticEntity": Object {
            "entityId": "FLOOR",
            "id": 4,
          },
        },
        Object {
          "movableEntity": null,
          "staticEntity": Object {
            "entityId": "FLOOR",
            "id": 5,
          },
        },
        Object {
          "movableEntity": null,
          "staticEntity": Object {
            "entityId": "FLOOR",
            "id": 7,
          },
        },
        Object {
          "movableEntity": null,
          "staticEntity": Object {
            "entityId": "FLOOR",
            "id": 9,
          },
        },
        Object {
          "movableEntity": null,
          "staticEntity": Object {
            "entityId": "FLOOR",
            "id": 10,
          },
        },
        Object {
          "movableEntity": null,
          "staticEntity": null,
        },
        Object {
          "movableEntity": null,
          "staticEntity": null,
        },
      ],
      Array [
        Object {
          "movableEntity": null,
          "staticEntity": null,
        },
        Object {
          "movableEntity": null,
          "staticEntity": Object {
            "entityId": "FLOOR",
            "id": 11,
          },
        },
        Object {
          "movableEntity": Object {
            "entityId": "CRATE",
            "id": 6,
            "moved": true,
          },
          "staticEntity": Object {
            "entityId": "FLOOR",
            "id": 13,
          },
        },
        Object {
          "movableEntity": null,
          "staticEntity": Object {
            "entityId": "FLOOR",
            "id": 15,
          },
        },
        Object {
          "movableEntity": null,
          "staticEntity": Object {
            "entityId": "FLOOR",
            "id": 16,
          },
        },
        Object {
          "movableEntity": null,
          "staticEntity": Object {
            "entityId": "FLOOR",
            "id": 17,
          },
        },
        Object {
          "movableEntity": null,
          "staticEntity": Object {
            "entityId": "FLOOR",
            "id": 19,
          },
        },
      ],
      Array [
        Object {
          "movableEntity": null,
          "staticEntity": null,
        },
        Object {
          "movableEntity": null,
          "staticEntity": null,
        },
        Object {
          "movableEntity": null,
          "staticEntity": null,
        },
        Object {
          "movableEntity": Object {
            "entityId": "CRATE",
            "id": 14,
            "moved": true,
          },
          "staticEntity": Object {
            "entityId": "FLOOR",
            "id": 20,
          },
        },
        Object {
          "movableEntity": null,
          "staticEntity": Object {
            "entityId": "FLOOR",
            "id": 21,
          },
        },
        Object {
          "movableEntity": null,
          "staticEntity": Object {
            "entityId": "FLOOR",
            "id": 22,
          },
        },
        Object {
          "movableEntity": null,
          "staticEntity": null,
        },
      ],
      Array [
        Object {
          "movableEntity": null,
          "staticEntity": null,
        },
        Object {
          "movableEntity": null,
          "staticEntity": null,
        },
        Object {
          "movableEntity": null,
          "staticEntity": null,
        },
        Object {
          "movableEntity": null,
          "staticEntity": Object {
            "entityId": "FLOOR",
            "id": 24,
          },
        },
        Object {
          "movableEntity": null,
          "staticEntity": null,
        },
        Object {
          "movableEntity": null,
          "staticEntity": null,
        },
        Object {
          "movableEntity": null,
          "staticEntity": null,
        },
      ],
    ],
    Array [
      Array [
        Object {
          "movableEntity": null,
          "staticEntity": null,
        },
        Object {
          "movableEntity": null,
          "staticEntity": null,
        },
        Object {
          "movableEntity": null,
          "staticEntity": Object {
            "entityId": "FLOOR",
            "id": 2,
          },
        },
        Object {
          "movableEntity": null,
          "staticEntity": null,
        },
        Object {
          "movableEntity": null,
          "staticEntity": null,
        },
        Object {
          "movableEntity": null,
          "staticEntity": null,
        },
        Object {
          "movableEntity": null,
          "staticEntity": null,
        },
      ],
      Array [
        Object {
          "movableEntity": null,
          "staticEntity": Object {
            "entityId": "FLOOR",
            "id": 4,
          },
        },
        Object {
          "movableEntity": null,
          "staticEntity": Object {
            "entityId": "FLOOR",
            "id": 5,
          },
        },
        Object {
          "movableEntity": null,
          "staticEntity": Object {
            "entityId": "FLOOR",
            "id": 7,
          },
        },
        Object {
          "movableEntity": null,
          "staticEntity": Object {
            "entityId": "FLOOR",
            "id": 9,
          },
        },
        Object {
          "movableEntity": null,
          "staticEntity": Object {
            "entityId": "FLOOR",
            "id": 10,
          },
        },
        Object {
          "movableEntity": null,
          "staticEntity": null,
        },
        Object {
          "movableEntity": null,
          "staticEntity": null,
        },
      ],
      Array [
        Object {
          "movableEntity": null,
          "staticEntity": null,
        },
        Object {
          "movableEntity": null,
          "staticEntity": Object {
            "entityId": "FLOOR",
            "id": 11,
          },
        },
        Object {
          "movableEntity": Object {
            "entityId": "CRATE",
            "id": 6,
          },
          "staticEntity": Object {
            "entityId": "FLOOR",
            "id": 13,
          },
        },
        Object {
          "movableEntity": null,
          "staticEntity": Object {
            "entityId": "FLOOR",
            "id": 15,
          },
        },
        Object {
          "movableEntity": null,
          "staticEntity": Object {
            "entityId": "FLOOR",
            "id": 16,
          },
        },
        Object {
          "movableEntity": null,
          "staticEntity": Object {
            "entityId": "FLOOR",
            "id": 17,
          },
        },
        Object {
          "movableEntity": null,
          "staticEntity": Object {
            "entityId": "FLOOR",
            "id": 19,
          },
        },
      ],
      Array [
        Object {
          "movableEntity": null,
          "staticEntity": null,
        },
        Object {
          "movableEntity": null,
          "staticEntity": null,
        },
        Object {
          "movableEntity": null,
          "staticEntity": null,
        },
        Object {
          "movableEntity": Object {
            "entityId": "CRATE",
            "id": 14,
          },
          "staticEntity": Object {
            "entityId": "FLOOR",
            "id": 20,
          },
        },
        Object {
          "movableEntity": null,
          "staticEntity": Object {
            "entityId": "FLOOR",
            "id": 21,
          },
        },
        Object {
          "movableEntity": null,
          "staticEntity": Object {
            "entityId": "FLOOR",
            "id": 22,
          },
        },
        Object {
          "movableEntity": null,
          "staticEntity": null,
        },
      ],
      Array [
        Object {
          "movableEntity": null,
          "staticEntity": null,
        },
        Object {
          "movableEntity": null,
          "staticEntity": null,
        },
        Object {
          "movableEntity": null,
          "staticEntity": null,
        },
        Object {
          "movableEntity": null,
          "staticEntity": Object {
            "entityId": "FLOOR",
            "id": 24,
          },
        },
        Object {
          "movableEntity": null,
          "staticEntity": null,
        },
        Object {
          "movableEntity": null,
          "staticEntity": null,
        },
        Object {
          "movableEntity": null,
          "staticEntity": null,
        },
      ],
    ],
  ],
]
`;
