// Jest Snapshot v1, https://goo.gl/fbAQLP

exports[`Gravnic calulateNextGameState() Should return the next game state when moving entities down 1`] = `
Array [
  Array [
    Object {
      "movableEntity": null,
      "staticEntity": null,
    },
    Object {
      "movableEntity": null,
      "staticEntity": Object {
        "entityId": "ENTITY_FLOOR",
        "id": 1,
      },
    },
    Object {
      "movableEntity": null,
      "staticEntity": Object {
        "entityId": "ENTITY_FLOOR",
        "id": 2,
      },
    },
    Object {
      "movableEntity": null,
      "staticEntity": Object {
        "entityId": "ENTITY_FLOOR",
        "id": 3,
      },
    },
    Object {
      "movableEntity": null,
      "staticEntity": null,
    },
  ],
  Array [
    Object {
      "movableEntity": null,
      "staticEntity": Object {
        "entityId": "ENTITY_FLOOR",
        "id": 4,
      },
    },
    Object {
      "movableEntity": null,
      "staticEntity": Object {
        "entityId": "ENTITY_FLOOR",
        "id": 5,
      },
    },
    Object {
      "movableEntity": null,
      "staticEntity": Object {
        "entityId": "ENTITY_FLOOR",
        "id": 6,
      },
    },
    Object {
      "movableEntity": null,
      "staticEntity": Object {
        "entityId": "ENTITY_FLOOR",
        "id": 7,
      },
    },
    Object {
      "movableEntity": null,
      "staticEntity": Object {
        "entityId": "ENTITY_FLOOR",
        "id": 8,
      },
    },
  ],
  Array [
    Object {
      "movableEntity": null,
      "staticEntity": Object {
        "entityId": "ENTITY_FLOOR",
        "id": 9,
      },
    },
    Object {
      "movableEntity": null,
      "staticEntity": Object {
        "entityId": "ENTITY_FLOOR",
        "id": 10,
      },
    },
    Object {
      "movableEntity": null,
      "staticEntity": Object {
        "entityId": "ENTITY_FLOOR",
        "id": 12,
      },
    },
    Object {
      "movableEntity": null,
      "staticEntity": Object {
        "entityId": "ENTITY_FLOOR",
        "id": 13,
      },
    },
    Object {
      "movableEntity": null,
      "staticEntity": Object {
        "entityId": "ENTITY_FLOOR",
        "id": 14,
      },
    },
  ],
  Array [
    Object {
      "movableEntity": null,
      "staticEntity": Object {
        "entityId": "ENTITY_FLOOR",
        "id": 15,
      },
    },
    Object {
      "movableEntity": null,
      "staticEntity": Object {
        "entityId": "ENTITY_FLOOR",
        "id": 16,
      },
    },
    Object {
      "movableEntity": Object {
        "entityId": "ENTITY_BLOCK",
        "id": 11,
      },
      "staticEntity": Object {
        "entityId": "ENTITY_FLOOR",
        "id": 17,
      },
    },
    Object {
      "movableEntity": null,
      "staticEntity": Object {
        "entityId": "ENTITY_FLOOR",
        "id": 18,
      },
    },
    Object {
      "movableEntity": null,
      "staticEntity": Object {
        "entityId": "ENTITY_FLOOR",
        "id": 19,
      },
    },
  ],
  Array [
    Object {
      "movableEntity": null,
      "staticEntity": null,
    },
    Object {
      "movableEntity": null,
      "staticEntity": Object {
        "entityId": "ENTITY_FLOOR",
        "id": 20,
      },
    },
    Object {
      "movableEntity": null,
      "staticEntity": Object {
        "entityId": "ENTITY_FLOOR",
        "id": 21,
      },
    },
    Object {
      "movableEntity": null,
      "staticEntity": Object {
        "entityId": "ENTITY_FLOOR",
        "id": 22,
      },
    },
    Object {
      "movableEntity": null,
      "staticEntity": null,
    },
  ],
]
`;

exports[`Gravnic calulateNextGameState() Should return the next game state when moving entities left 1`] = `
Array [
  Array [
    Object {
      "movableEntity": null,
      "staticEntity": null,
    },
    Object {
      "movableEntity": null,
      "staticEntity": Object {
        "entityId": "ENTITY_FLOOR",
        "id": 1,
      },
    },
    Object {
      "movableEntity": null,
      "staticEntity": Object {
        "entityId": "ENTITY_FLOOR",
        "id": 2,
      },
    },
    Object {
      "movableEntity": null,
      "staticEntity": Object {
        "entityId": "ENTITY_FLOOR",
        "id": 3,
      },
    },
    Object {
      "movableEntity": null,
      "staticEntity": null,
    },
  ],
  Array [
    Object {
      "movableEntity": null,
      "staticEntity": Object {
        "entityId": "ENTITY_FLOOR",
        "id": 4,
      },
    },
    Object {
      "movableEntity": null,
      "staticEntity": Object {
        "entityId": "ENTITY_FLOOR",
        "id": 5,
      },
    },
    Object {
      "movableEntity": null,
      "staticEntity": Object {
        "entityId": "ENTITY_FLOOR",
        "id": 6,
      },
    },
    Object {
      "movableEntity": null,
      "staticEntity": Object {
        "entityId": "ENTITY_FLOOR",
        "id": 7,
      },
    },
    Object {
      "movableEntity": null,
      "staticEntity": Object {
        "entityId": "ENTITY_FLOOR",
        "id": 8,
      },
    },
  ],
  Array [
    Object {
      "movableEntity": null,
      "staticEntity": Object {
        "entityId": "ENTITY_FLOOR",
        "id": 9,
      },
    },
    Object {
      "movableEntity": Object {
        "entityId": "ENTITY_BLOCK",
        "id": 11,
      },
      "staticEntity": Object {
        "entityId": "ENTITY_FLOOR",
        "id": 10,
      },
    },
    Object {
      "movableEntity": null,
      "staticEntity": Object {
        "entityId": "ENTITY_FLOOR",
        "id": 12,
      },
    },
    Object {
      "movableEntity": null,
      "staticEntity": Object {
        "entityId": "ENTITY_FLOOR",
        "id": 13,
      },
    },
    Object {
      "movableEntity": null,
      "staticEntity": Object {
        "entityId": "ENTITY_FLOOR",
        "id": 14,
      },
    },
  ],
  Array [
    Object {
      "movableEntity": null,
      "staticEntity": Object {
        "entityId": "ENTITY_FLOOR",
        "id": 15,
      },
    },
    Object {
      "movableEntity": null,
      "staticEntity": Object {
        "entityId": "ENTITY_FLOOR",
        "id": 16,
      },
    },
    Object {
      "movableEntity": null,
      "staticEntity": Object {
        "entityId": "ENTITY_FLOOR",
        "id": 17,
      },
    },
    Object {
      "movableEntity": null,
      "staticEntity": Object {
        "entityId": "ENTITY_FLOOR",
        "id": 18,
      },
    },
    Object {
      "movableEntity": null,
      "staticEntity": Object {
        "entityId": "ENTITY_FLOOR",
        "id": 19,
      },
    },
  ],
  Array [
    Object {
      "movableEntity": null,
      "staticEntity": null,
    },
    Object {
      "movableEntity": null,
      "staticEntity": Object {
        "entityId": "ENTITY_FLOOR",
        "id": 20,
      },
    },
    Object {
      "movableEntity": null,
      "staticEntity": Object {
        "entityId": "ENTITY_FLOOR",
        "id": 21,
      },
    },
    Object {
      "movableEntity": null,
      "staticEntity": Object {
        "entityId": "ENTITY_FLOOR",
        "id": 22,
      },
    },
    Object {
      "movableEntity": null,
      "staticEntity": null,
    },
  ],
]
`;

exports[`Gravnic calulateNextGameState() Should return the next game state when moving entities right 1`] = `
Array [
  Array [
    Object {
      "movableEntity": null,
      "staticEntity": null,
    },
    Object {
      "movableEntity": null,
      "staticEntity": Object {
        "entityId": "ENTITY_FLOOR",
        "id": 1,
      },
    },
    Object {
      "movableEntity": null,
      "staticEntity": Object {
        "entityId": "ENTITY_FLOOR",
        "id": 2,
      },
    },
    Object {
      "movableEntity": null,
      "staticEntity": Object {
        "entityId": "ENTITY_FLOOR",
        "id": 3,
      },
    },
    Object {
      "movableEntity": null,
      "staticEntity": null,
    },
  ],
  Array [
    Object {
      "movableEntity": null,
      "staticEntity": Object {
        "entityId": "ENTITY_FLOOR",
        "id": 4,
      },
    },
    Object {
      "movableEntity": null,
      "staticEntity": Object {
        "entityId": "ENTITY_FLOOR",
        "id": 5,
      },
    },
    Object {
      "movableEntity": null,
      "staticEntity": Object {
        "entityId": "ENTITY_FLOOR",
        "id": 6,
      },
    },
    Object {
      "movableEntity": null,
      "staticEntity": Object {
        "entityId": "ENTITY_FLOOR",
        "id": 7,
      },
    },
    Object {
      "movableEntity": null,
      "staticEntity": Object {
        "entityId": "ENTITY_FLOOR",
        "id": 8,
      },
    },
  ],
  Array [
    Object {
      "movableEntity": null,
      "staticEntity": Object {
        "entityId": "ENTITY_FLOOR",
        "id": 9,
      },
    },
    Object {
      "movableEntity": null,
      "staticEntity": Object {
        "entityId": "ENTITY_FLOOR",
        "id": 10,
      },
    },
    Object {
      "movableEntity": null,
      "staticEntity": Object {
        "entityId": "ENTITY_FLOOR",
        "id": 12,
      },
    },
    Object {
      "movableEntity": Object {
        "entityId": "ENTITY_BLOCK",
        "id": 11,
      },
      "staticEntity": Object {
        "entityId": "ENTITY_FLOOR",
        "id": 13,
      },
    },
    Object {
      "movableEntity": null,
      "staticEntity": Object {
        "entityId": "ENTITY_FLOOR",
        "id": 14,
      },
    },
  ],
  Array [
    Object {
      "movableEntity": null,
      "staticEntity": Object {
        "entityId": "ENTITY_FLOOR",
        "id": 15,
      },
    },
    Object {
      "movableEntity": null,
      "staticEntity": Object {
        "entityId": "ENTITY_FLOOR",
        "id": 16,
      },
    },
    Object {
      "movableEntity": null,
      "staticEntity": Object {
        "entityId": "ENTITY_FLOOR",
        "id": 17,
      },
    },
    Object {
      "movableEntity": null,
      "staticEntity": Object {
        "entityId": "ENTITY_FLOOR",
        "id": 18,
      },
    },
    Object {
      "movableEntity": null,
      "staticEntity": Object {
        "entityId": "ENTITY_FLOOR",
        "id": 19,
      },
    },
  ],
  Array [
    Object {
      "movableEntity": null,
      "staticEntity": null,
    },
    Object {
      "movableEntity": null,
      "staticEntity": Object {
        "entityId": "ENTITY_FLOOR",
        "id": 20,
      },
    },
    Object {
      "movableEntity": null,
      "staticEntity": Object {
        "entityId": "ENTITY_FLOOR",
        "id": 21,
      },
    },
    Object {
      "movableEntity": null,
      "staticEntity": Object {
        "entityId": "ENTITY_FLOOR",
        "id": 22,
      },
    },
    Object {
      "movableEntity": null,
      "staticEntity": null,
    },
  ],
]
`;

exports[`Gravnic calulateNextGameState() Should return the next game state when moving entities up 1`] = `
Array [
  Array [
    Object {
      "movableEntity": null,
      "staticEntity": null,
    },
    Object {
      "movableEntity": null,
      "staticEntity": Object {
        "entityId": "ENTITY_FLOOR",
        "id": 1,
      },
    },
    Object {
      "movableEntity": null,
      "staticEntity": Object {
        "entityId": "ENTITY_FLOOR",
        "id": 2,
      },
    },
    Object {
      "movableEntity": null,
      "staticEntity": Object {
        "entityId": "ENTITY_FLOOR",
        "id": 3,
      },
    },
    Object {
      "movableEntity": null,
      "staticEntity": null,
    },
  ],
  Array [
    Object {
      "movableEntity": null,
      "staticEntity": Object {
        "entityId": "ENTITY_FLOOR",
        "id": 4,
      },
    },
    Object {
      "movableEntity": null,
      "staticEntity": Object {
        "entityId": "ENTITY_FLOOR",
        "id": 5,
      },
    },
    Object {
      "movableEntity": Object {
        "entityId": "ENTITY_BLOCK",
        "id": 11,
      },
      "staticEntity": Object {
        "entityId": "ENTITY_FLOOR",
        "id": 6,
      },
    },
    Object {
      "movableEntity": null,
      "staticEntity": Object {
        "entityId": "ENTITY_FLOOR",
        "id": 7,
      },
    },
    Object {
      "movableEntity": null,
      "staticEntity": Object {
        "entityId": "ENTITY_FLOOR",
        "id": 8,
      },
    },
  ],
  Array [
    Object {
      "movableEntity": null,
      "staticEntity": Object {
        "entityId": "ENTITY_FLOOR",
        "id": 9,
      },
    },
    Object {
      "movableEntity": null,
      "staticEntity": Object {
        "entityId": "ENTITY_FLOOR",
        "id": 10,
      },
    },
    Object {
      "movableEntity": null,
      "staticEntity": Object {
        "entityId": "ENTITY_FLOOR",
        "id": 12,
      },
    },
    Object {
      "movableEntity": null,
      "staticEntity": Object {
        "entityId": "ENTITY_FLOOR",
        "id": 13,
      },
    },
    Object {
      "movableEntity": null,
      "staticEntity": Object {
        "entityId": "ENTITY_FLOOR",
        "id": 14,
      },
    },
  ],
  Array [
    Object {
      "movableEntity": null,
      "staticEntity": Object {
        "entityId": "ENTITY_FLOOR",
        "id": 15,
      },
    },
    Object {
      "movableEntity": null,
      "staticEntity": Object {
        "entityId": "ENTITY_FLOOR",
        "id": 16,
      },
    },
    Object {
      "movableEntity": null,
      "staticEntity": Object {
        "entityId": "ENTITY_FLOOR",
        "id": 17,
      },
    },
    Object {
      "movableEntity": null,
      "staticEntity": Object {
        "entityId": "ENTITY_FLOOR",
        "id": 18,
      },
    },
    Object {
      "movableEntity": null,
      "staticEntity": Object {
        "entityId": "ENTITY_FLOOR",
        "id": 19,
      },
    },
  ],
  Array [
    Object {
      "movableEntity": null,
      "staticEntity": null,
    },
    Object {
      "movableEntity": null,
      "staticEntity": Object {
        "entityId": "ENTITY_FLOOR",
        "id": 20,
      },
    },
    Object {
      "movableEntity": null,
      "staticEntity": Object {
        "entityId": "ENTITY_FLOOR",
        "id": 21,
      },
    },
    Object {
      "movableEntity": null,
      "staticEntity": Object {
        "entityId": "ENTITY_FLOOR",
        "id": 22,
      },
    },
    Object {
      "movableEntity": null,
      "staticEntity": null,
    },
  ],
]
`;

exports[`Gravnic changeGravityDirection() Should return an array of all game states from the move 1`] = `
Array [
  Array [
    Array [
      Object {
        "movableEntity": null,
        "staticEntity": null,
      },
      Object {
        "movableEntity": null,
        "staticEntity": Object {
          "entityId": "ENTITY_FLOOR",
          "id": 1,
        },
      },
      Object {
        "movableEntity": null,
        "staticEntity": Object {
          "entityId": "ENTITY_FLOOR",
          "id": 2,
        },
      },
      Object {
        "movableEntity": null,
        "staticEntity": Object {
          "entityId": "ENTITY_FLOOR",
          "id": 3,
        },
      },
      Object {
        "movableEntity": null,
        "staticEntity": null,
      },
    ],
    Array [
      Object {
        "movableEntity": null,
        "staticEntity": Object {
          "entityId": "ENTITY_FLOOR",
          "id": 4,
        },
      },
      Object {
        "movableEntity": null,
        "staticEntity": Object {
          "entityId": "ENTITY_FLOOR",
          "id": 5,
        },
      },
      Object {
        "movableEntity": null,
        "staticEntity": Object {
          "entityId": "ENTITY_FLOOR",
          "id": 6,
        },
      },
      Object {
        "movableEntity": null,
        "staticEntity": Object {
          "entityId": "ENTITY_FLOOR",
          "id": 7,
        },
      },
      Object {
        "movableEntity": null,
        "staticEntity": Object {
          "entityId": "ENTITY_FLOOR",
          "id": 8,
        },
      },
    ],
    Array [
      Object {
        "movableEntity": null,
        "staticEntity": Object {
          "entityId": "ENTITY_FLOOR",
          "id": 9,
        },
      },
      Object {
        "movableEntity": null,
        "staticEntity": Object {
          "entityId": "ENTITY_FLOOR",
          "id": 10,
        },
      },
      Object {
        "movableEntity": null,
        "staticEntity": Object {
          "entityId": "ENTITY_FLOOR",
          "id": 12,
        },
      },
      Object {
        "movableEntity": null,
        "staticEntity": Object {
          "entityId": "ENTITY_FLOOR",
          "id": 13,
        },
      },
      Object {
        "movableEntity": null,
        "staticEntity": Object {
          "entityId": "ENTITY_FLOOR",
          "id": 14,
        },
      },
    ],
    Array [
      Object {
        "movableEntity": null,
        "staticEntity": Object {
          "entityId": "ENTITY_FLOOR",
          "id": 15,
        },
      },
      Object {
        "movableEntity": null,
        "staticEntity": Object {
          "entityId": "ENTITY_FLOOR",
          "id": 16,
        },
      },
      Object {
        "movableEntity": Object {
          "entityId": "ENTITY_BLOCK",
          "id": 11,
        },
        "staticEntity": Object {
          "entityId": "ENTITY_FLOOR",
          "id": 17,
        },
      },
      Object {
        "movableEntity": null,
        "staticEntity": Object {
          "entityId": "ENTITY_FLOOR",
          "id": 18,
        },
      },
      Object {
        "movableEntity": null,
        "staticEntity": Object {
          "entityId": "ENTITY_FLOOR",
          "id": 19,
        },
      },
    ],
    Array [
      Object {
        "movableEntity": null,
        "staticEntity": null,
      },
      Object {
        "movableEntity": null,
        "staticEntity": Object {
          "entityId": "ENTITY_FLOOR",
          "id": 20,
        },
      },
      Object {
        "movableEntity": null,
        "staticEntity": Object {
          "entityId": "ENTITY_FLOOR",
          "id": 21,
        },
      },
      Object {
        "movableEntity": null,
        "staticEntity": Object {
          "entityId": "ENTITY_FLOOR",
          "id": 22,
        },
      },
      Object {
        "movableEntity": null,
        "staticEntity": null,
      },
    ],
  ],
  Array [
    Array [
      Object {
        "movableEntity": null,
        "staticEntity": null,
      },
      Object {
        "movableEntity": null,
        "staticEntity": Object {
          "entityId": "ENTITY_FLOOR",
          "id": 1,
        },
      },
      Object {
        "movableEntity": null,
        "staticEntity": Object {
          "entityId": "ENTITY_FLOOR",
          "id": 2,
        },
      },
      Object {
        "movableEntity": null,
        "staticEntity": Object {
          "entityId": "ENTITY_FLOOR",
          "id": 3,
        },
      },
      Object {
        "movableEntity": null,
        "staticEntity": null,
      },
    ],
    Array [
      Object {
        "movableEntity": null,
        "staticEntity": Object {
          "entityId": "ENTITY_FLOOR",
          "id": 4,
        },
      },
      Object {
        "movableEntity": null,
        "staticEntity": Object {
          "entityId": "ENTITY_FLOOR",
          "id": 5,
        },
      },
      Object {
        "movableEntity": null,
        "staticEntity": Object {
          "entityId": "ENTITY_FLOOR",
          "id": 6,
        },
      },
      Object {
        "movableEntity": null,
        "staticEntity": Object {
          "entityId": "ENTITY_FLOOR",
          "id": 7,
        },
      },
      Object {
        "movableEntity": null,
        "staticEntity": Object {
          "entityId": "ENTITY_FLOOR",
          "id": 8,
        },
      },
    ],
    Array [
      Object {
        "movableEntity": null,
        "staticEntity": Object {
          "entityId": "ENTITY_FLOOR",
          "id": 9,
        },
      },
      Object {
        "movableEntity": null,
        "staticEntity": Object {
          "entityId": "ENTITY_FLOOR",
          "id": 10,
        },
      },
      Object {
        "movableEntity": null,
        "staticEntity": Object {
          "entityId": "ENTITY_FLOOR",
          "id": 12,
        },
      },
      Object {
        "movableEntity": null,
        "staticEntity": Object {
          "entityId": "ENTITY_FLOOR",
          "id": 13,
        },
      },
      Object {
        "movableEntity": null,
        "staticEntity": Object {
          "entityId": "ENTITY_FLOOR",
          "id": 14,
        },
      },
    ],
    Array [
      Object {
        "movableEntity": null,
        "staticEntity": Object {
          "entityId": "ENTITY_FLOOR",
          "id": 15,
        },
      },
      Object {
        "movableEntity": null,
        "staticEntity": Object {
          "entityId": "ENTITY_FLOOR",
          "id": 16,
        },
      },
      Object {
        "movableEntity": null,
        "staticEntity": Object {
          "entityId": "ENTITY_FLOOR",
          "id": 17,
        },
      },
      Object {
        "movableEntity": null,
        "staticEntity": Object {
          "entityId": "ENTITY_FLOOR",
          "id": 18,
        },
      },
      Object {
        "movableEntity": null,
        "staticEntity": Object {
          "entityId": "ENTITY_FLOOR",
          "id": 19,
        },
      },
    ],
    Array [
      Object {
        "movableEntity": null,
        "staticEntity": null,
      },
      Object {
        "movableEntity": null,
        "staticEntity": Object {
          "entityId": "ENTITY_FLOOR",
          "id": 20,
        },
      },
      Object {
        "movableEntity": Object {
          "entityId": "ENTITY_BLOCK",
          "id": 11,
        },
        "staticEntity": Object {
          "entityId": "ENTITY_FLOOR",
          "id": 21,
        },
      },
      Object {
        "movableEntity": null,
        "staticEntity": Object {
          "entityId": "ENTITY_FLOOR",
          "id": 22,
        },
      },
      Object {
        "movableEntity": null,
        "staticEntity": null,
      },
    ],
  ],
]
`;

exports[`Gravnic changeGravityDirection() Should return an array of all game states from the move 2`] = `
Array [
  Array [
    Array [
      Object {
        "movableEntity": null,
        "staticEntity": null,
      },
      Object {
        "movableEntity": null,
        "staticEntity": Object {
          "entityId": "ENTITY_FLOOR",
          "id": 1,
        },
      },
      Object {
        "movableEntity": null,
        "staticEntity": Object {
          "entityId": "ENTITY_FLOOR",
          "id": 2,
        },
      },
      Object {
        "movableEntity": null,
        "staticEntity": Object {
          "entityId": "ENTITY_FLOOR",
          "id": 3,
        },
      },
      Object {
        "movableEntity": null,
        "staticEntity": null,
      },
    ],
    Array [
      Object {
        "movableEntity": null,
        "staticEntity": Object {
          "entityId": "ENTITY_FLOOR",
          "id": 4,
        },
      },
      Object {
        "movableEntity": null,
        "staticEntity": Object {
          "entityId": "ENTITY_FLOOR",
          "id": 5,
        },
      },
      Object {
        "movableEntity": null,
        "staticEntity": Object {
          "entityId": "ENTITY_FLOOR",
          "id": 6,
        },
      },
      Object {
        "movableEntity": null,
        "staticEntity": Object {
          "entityId": "ENTITY_FLOOR",
          "id": 7,
        },
      },
      Object {
        "movableEntity": null,
        "staticEntity": Object {
          "entityId": "ENTITY_FLOOR",
          "id": 8,
        },
      },
    ],
    Array [
      Object {
        "movableEntity": null,
        "staticEntity": Object {
          "entityId": "ENTITY_FLOOR",
          "id": 9,
        },
      },
      Object {
        "movableEntity": null,
        "staticEntity": Object {
          "entityId": "ENTITY_FLOOR",
          "id": 10,
        },
      },
      Object {
        "movableEntity": null,
        "staticEntity": Object {
          "entityId": "ENTITY_FLOOR",
          "id": 12,
        },
      },
      Object {
        "movableEntity": null,
        "staticEntity": Object {
          "entityId": "ENTITY_FLOOR",
          "id": 13,
        },
      },
      Object {
        "movableEntity": null,
        "staticEntity": Object {
          "entityId": "ENTITY_FLOOR",
          "id": 14,
        },
      },
    ],
    Array [
      Object {
        "movableEntity": null,
        "staticEntity": Object {
          "entityId": "ENTITY_FLOOR",
          "id": 15,
        },
      },
      Object {
        "movableEntity": null,
        "staticEntity": Object {
          "entityId": "ENTITY_FLOOR",
          "id": 16,
        },
      },
      Object {
        "movableEntity": Object {
          "entityId": "ENTITY_BLOCK",
          "id": 11,
        },
        "staticEntity": Object {
          "entityId": "ENTITY_FLOOR",
          "id": 17,
        },
      },
      Object {
        "movableEntity": null,
        "staticEntity": Object {
          "entityId": "ENTITY_FLOOR",
          "id": 18,
        },
      },
      Object {
        "movableEntity": null,
        "staticEntity": Object {
          "entityId": "ENTITY_FLOOR",
          "id": 19,
        },
      },
    ],
    Array [
      Object {
        "movableEntity": null,
        "staticEntity": null,
      },
      Object {
        "movableEntity": null,
        "staticEntity": Object {
          "entityId": "ENTITY_FLOOR",
          "id": 20,
        },
      },
      Object {
        "movableEntity": null,
        "staticEntity": Object {
          "entityId": "ENTITY_FLOOR",
          "id": 21,
        },
      },
      Object {
        "movableEntity": null,
        "staticEntity": Object {
          "entityId": "ENTITY_FLOOR",
          "id": 22,
        },
      },
      Object {
        "movableEntity": null,
        "staticEntity": null,
      },
    ],
  ],
  Array [
    Array [
      Object {
        "movableEntity": null,
        "staticEntity": null,
      },
      Object {
        "movableEntity": null,
        "staticEntity": Object {
          "entityId": "ENTITY_FLOOR",
          "id": 1,
        },
      },
      Object {
        "movableEntity": null,
        "staticEntity": Object {
          "entityId": "ENTITY_FLOOR",
          "id": 2,
        },
      },
      Object {
        "movableEntity": null,
        "staticEntity": Object {
          "entityId": "ENTITY_FLOOR",
          "id": 3,
        },
      },
      Object {
        "movableEntity": null,
        "staticEntity": null,
      },
    ],
    Array [
      Object {
        "movableEntity": null,
        "staticEntity": Object {
          "entityId": "ENTITY_FLOOR",
          "id": 4,
        },
      },
      Object {
        "movableEntity": null,
        "staticEntity": Object {
          "entityId": "ENTITY_FLOOR",
          "id": 5,
        },
      },
      Object {
        "movableEntity": null,
        "staticEntity": Object {
          "entityId": "ENTITY_FLOOR",
          "id": 6,
        },
      },
      Object {
        "movableEntity": null,
        "staticEntity": Object {
          "entityId": "ENTITY_FLOOR",
          "id": 7,
        },
      },
      Object {
        "movableEntity": null,
        "staticEntity": Object {
          "entityId": "ENTITY_FLOOR",
          "id": 8,
        },
      },
    ],
    Array [
      Object {
        "movableEntity": null,
        "staticEntity": Object {
          "entityId": "ENTITY_FLOOR",
          "id": 9,
        },
      },
      Object {
        "movableEntity": null,
        "staticEntity": Object {
          "entityId": "ENTITY_FLOOR",
          "id": 10,
        },
      },
      Object {
        "movableEntity": Object {
          "entityId": "ENTITY_BLOCK",
          "id": 11,
        },
        "staticEntity": Object {
          "entityId": "ENTITY_FLOOR",
          "id": 12,
        },
      },
      Object {
        "movableEntity": null,
        "staticEntity": Object {
          "entityId": "ENTITY_FLOOR",
          "id": 13,
        },
      },
      Object {
        "movableEntity": null,
        "staticEntity": Object {
          "entityId": "ENTITY_FLOOR",
          "id": 14,
        },
      },
    ],
    Array [
      Object {
        "movableEntity": null,
        "staticEntity": Object {
          "entityId": "ENTITY_FLOOR",
          "id": 15,
        },
      },
      Object {
        "movableEntity": null,
        "staticEntity": Object {
          "entityId": "ENTITY_FLOOR",
          "id": 16,
        },
      },
      Object {
        "movableEntity": null,
        "staticEntity": Object {
          "entityId": "ENTITY_FLOOR",
          "id": 17,
        },
      },
      Object {
        "movableEntity": null,
        "staticEntity": Object {
          "entityId": "ENTITY_FLOOR",
          "id": 18,
        },
      },
      Object {
        "movableEntity": null,
        "staticEntity": Object {
          "entityId": "ENTITY_FLOOR",
          "id": 19,
        },
      },
    ],
    Array [
      Object {
        "movableEntity": null,
        "staticEntity": null,
      },
      Object {
        "movableEntity": null,
        "staticEntity": Object {
          "entityId": "ENTITY_FLOOR",
          "id": 20,
        },
      },
      Object {
        "movableEntity": null,
        "staticEntity": Object {
          "entityId": "ENTITY_FLOOR",
          "id": 21,
        },
      },
      Object {
        "movableEntity": null,
        "staticEntity": Object {
          "entityId": "ENTITY_FLOOR",
          "id": 22,
        },
      },
      Object {
        "movableEntity": null,
        "staticEntity": null,
      },
    ],
  ],
  Array [
    Array [
      Object {
        "movableEntity": null,
        "staticEntity": null,
      },
      Object {
        "movableEntity": null,
        "staticEntity": Object {
          "entityId": "ENTITY_FLOOR",
          "id": 1,
        },
      },
      Object {
        "movableEntity": null,
        "staticEntity": Object {
          "entityId": "ENTITY_FLOOR",
          "id": 2,
        },
      },
      Object {
        "movableEntity": null,
        "staticEntity": Object {
          "entityId": "ENTITY_FLOOR",
          "id": 3,
        },
      },
      Object {
        "movableEntity": null,
        "staticEntity": null,
      },
    ],
    Array [
      Object {
        "movableEntity": null,
        "staticEntity": Object {
          "entityId": "ENTITY_FLOOR",
          "id": 4,
        },
      },
      Object {
        "movableEntity": null,
        "staticEntity": Object {
          "entityId": "ENTITY_FLOOR",
          "id": 5,
        },
      },
      Object {
        "movableEntity": Object {
          "entityId": "ENTITY_BLOCK",
          "id": 11,
        },
        "staticEntity": Object {
          "entityId": "ENTITY_FLOOR",
          "id": 6,
        },
      },
      Object {
        "movableEntity": null,
        "staticEntity": Object {
          "entityId": "ENTITY_FLOOR",
          "id": 7,
        },
      },
      Object {
        "movableEntity": null,
        "staticEntity": Object {
          "entityId": "ENTITY_FLOOR",
          "id": 8,
        },
      },
    ],
    Array [
      Object {
        "movableEntity": null,
        "staticEntity": Object {
          "entityId": "ENTITY_FLOOR",
          "id": 9,
        },
      },
      Object {
        "movableEntity": null,
        "staticEntity": Object {
          "entityId": "ENTITY_FLOOR",
          "id": 10,
        },
      },
      Object {
        "movableEntity": null,
        "staticEntity": Object {
          "entityId": "ENTITY_FLOOR",
          "id": 12,
        },
      },
      Object {
        "movableEntity": null,
        "staticEntity": Object {
          "entityId": "ENTITY_FLOOR",
          "id": 13,
        },
      },
      Object {
        "movableEntity": null,
        "staticEntity": Object {
          "entityId": "ENTITY_FLOOR",
          "id": 14,
        },
      },
    ],
    Array [
      Object {
        "movableEntity": null,
        "staticEntity": Object {
          "entityId": "ENTITY_FLOOR",
          "id": 15,
        },
      },
      Object {
        "movableEntity": null,
        "staticEntity": Object {
          "entityId": "ENTITY_FLOOR",
          "id": 16,
        },
      },
      Object {
        "movableEntity": null,
        "staticEntity": Object {
          "entityId": "ENTITY_FLOOR",
          "id": 17,
        },
      },
      Object {
        "movableEntity": null,
        "staticEntity": Object {
          "entityId": "ENTITY_FLOOR",
          "id": 18,
        },
      },
      Object {
        "movableEntity": null,
        "staticEntity": Object {
          "entityId": "ENTITY_FLOOR",
          "id": 19,
        },
      },
    ],
    Array [
      Object {
        "movableEntity": null,
        "staticEntity": null,
      },
      Object {
        "movableEntity": null,
        "staticEntity": Object {
          "entityId": "ENTITY_FLOOR",
          "id": 20,
        },
      },
      Object {
        "movableEntity": null,
        "staticEntity": Object {
          "entityId": "ENTITY_FLOOR",
          "id": 21,
        },
      },
      Object {
        "movableEntity": null,
        "staticEntity": Object {
          "entityId": "ENTITY_FLOOR",
          "id": 22,
        },
      },
      Object {
        "movableEntity": null,
        "staticEntity": null,
      },
    ],
  ],
  Array [
    Array [
      Object {
        "movableEntity": null,
        "staticEntity": null,
      },
      Object {
        "movableEntity": null,
        "staticEntity": Object {
          "entityId": "ENTITY_FLOOR",
          "id": 1,
        },
      },
      Object {
        "movableEntity": Object {
          "entityId": "ENTITY_BLOCK",
          "id": 11,
        },
        "staticEntity": Object {
          "entityId": "ENTITY_FLOOR",
          "id": 2,
        },
      },
      Object {
        "movableEntity": null,
        "staticEntity": Object {
          "entityId": "ENTITY_FLOOR",
          "id": 3,
        },
      },
      Object {
        "movableEntity": null,
        "staticEntity": null,
      },
    ],
    Array [
      Object {
        "movableEntity": null,
        "staticEntity": Object {
          "entityId": "ENTITY_FLOOR",
          "id": 4,
        },
      },
      Object {
        "movableEntity": null,
        "staticEntity": Object {
          "entityId": "ENTITY_FLOOR",
          "id": 5,
        },
      },
      Object {
        "movableEntity": null,
        "staticEntity": Object {
          "entityId": "ENTITY_FLOOR",
          "id": 6,
        },
      },
      Object {
        "movableEntity": null,
        "staticEntity": Object {
          "entityId": "ENTITY_FLOOR",
          "id": 7,
        },
      },
      Object {
        "movableEntity": null,
        "staticEntity": Object {
          "entityId": "ENTITY_FLOOR",
          "id": 8,
        },
      },
    ],
    Array [
      Object {
        "movableEntity": null,
        "staticEntity": Object {
          "entityId": "ENTITY_FLOOR",
          "id": 9,
        },
      },
      Object {
        "movableEntity": null,
        "staticEntity": Object {
          "entityId": "ENTITY_FLOOR",
          "id": 10,
        },
      },
      Object {
        "movableEntity": null,
        "staticEntity": Object {
          "entityId": "ENTITY_FLOOR",
          "id": 12,
        },
      },
      Object {
        "movableEntity": null,
        "staticEntity": Object {
          "entityId": "ENTITY_FLOOR",
          "id": 13,
        },
      },
      Object {
        "movableEntity": null,
        "staticEntity": Object {
          "entityId": "ENTITY_FLOOR",
          "id": 14,
        },
      },
    ],
    Array [
      Object {
        "movableEntity": null,
        "staticEntity": Object {
          "entityId": "ENTITY_FLOOR",
          "id": 15,
        },
      },
      Object {
        "movableEntity": null,
        "staticEntity": Object {
          "entityId": "ENTITY_FLOOR",
          "id": 16,
        },
      },
      Object {
        "movableEntity": null,
        "staticEntity": Object {
          "entityId": "ENTITY_FLOOR",
          "id": 17,
        },
      },
      Object {
        "movableEntity": null,
        "staticEntity": Object {
          "entityId": "ENTITY_FLOOR",
          "id": 18,
        },
      },
      Object {
        "movableEntity": null,
        "staticEntity": Object {
          "entityId": "ENTITY_FLOOR",
          "id": 19,
        },
      },
    ],
    Array [
      Object {
        "movableEntity": null,
        "staticEntity": null,
      },
      Object {
        "movableEntity": null,
        "staticEntity": Object {
          "entityId": "ENTITY_FLOOR",
          "id": 20,
        },
      },
      Object {
        "movableEntity": null,
        "staticEntity": Object {
          "entityId": "ENTITY_FLOOR",
          "id": 21,
        },
      },
      Object {
        "movableEntity": null,
        "staticEntity": Object {
          "entityId": "ENTITY_FLOOR",
          "id": 22,
        },
      },
      Object {
        "movableEntity": null,
        "staticEntity": null,
      },
    ],
  ],
]
`;

exports[`Gravnic convertTilesToGameState() Converts the tiles into a starting game state 1`] = `
Array [
  Array [
    Object {
      "movableEntity": null,
      "staticEntity": null,
    },
    Object {
      "movableEntity": null,
      "staticEntity": Object {
        "entityId": "ENTITY_FLOOR",
        "id": 1,
      },
    },
    Object {
      "movableEntity": null,
      "staticEntity": Object {
        "entityId": "ENTITY_FLOOR",
        "id": 2,
      },
    },
    Object {
      "movableEntity": null,
      "staticEntity": Object {
        "entityId": "ENTITY_FLOOR",
        "id": 3,
      },
    },
    Object {
      "movableEntity": null,
      "staticEntity": null,
    },
  ],
  Array [
    Object {
      "movableEntity": null,
      "staticEntity": Object {
        "entityId": "ENTITY_FLOOR",
        "id": 4,
      },
    },
    Object {
      "movableEntity": null,
      "staticEntity": Object {
        "entityId": "ENTITY_FLOOR",
        "id": 5,
      },
    },
    Object {
      "movableEntity": null,
      "staticEntity": Object {
        "entityId": "ENTITY_FLOOR",
        "id": 6,
      },
    },
    Object {
      "movableEntity": null,
      "staticEntity": Object {
        "entityId": "ENTITY_FLOOR",
        "id": 7,
      },
    },
    Object {
      "movableEntity": null,
      "staticEntity": Object {
        "entityId": "ENTITY_FLOOR",
        "id": 8,
      },
    },
  ],
  Array [
    Object {
      "movableEntity": null,
      "staticEntity": Object {
        "entityId": "ENTITY_FLOOR",
        "id": 9,
      },
    },
    Object {
      "movableEntity": null,
      "staticEntity": Object {
        "entityId": "ENTITY_FLOOR",
        "id": 10,
      },
    },
    Object {
      "movableEntity": Object {
        "entityId": "ENTITY_BLOCK",
        "id": 11,
      },
      "staticEntity": Object {
        "entityId": "ENTITY_FLOOR",
        "id": 12,
      },
    },
    Object {
      "movableEntity": null,
      "staticEntity": Object {
        "entityId": "ENTITY_FLOOR",
        "id": 13,
      },
    },
    Object {
      "movableEntity": null,
      "staticEntity": Object {
        "entityId": "ENTITY_FLOOR",
        "id": 14,
      },
    },
  ],
  Array [
    Object {
      "movableEntity": null,
      "staticEntity": Object {
        "entityId": "ENTITY_FLOOR",
        "id": 15,
      },
    },
    Object {
      "movableEntity": null,
      "staticEntity": Object {
        "entityId": "ENTITY_FLOOR",
        "id": 16,
      },
    },
    Object {
      "movableEntity": null,
      "staticEntity": Object {
        "entityId": "ENTITY_FLOOR",
        "id": 17,
      },
    },
    Object {
      "movableEntity": null,
      "staticEntity": Object {
        "entityId": "ENTITY_FLOOR",
        "id": 18,
      },
    },
    Object {
      "movableEntity": null,
      "staticEntity": Object {
        "entityId": "ENTITY_FLOOR",
        "id": 19,
      },
    },
  ],
  Array [
    Object {
      "movableEntity": null,
      "staticEntity": null,
    },
    Object {
      "movableEntity": null,
      "staticEntity": Object {
        "entityId": "ENTITY_FLOOR",
        "id": 20,
      },
    },
    Object {
      "movableEntity": null,
      "staticEntity": Object {
        "entityId": "ENTITY_FLOOR",
        "id": 21,
      },
    },
    Object {
      "movableEntity": null,
      "staticEntity": Object {
        "entityId": "ENTITY_FLOOR",
        "id": 22,
      },
    },
    Object {
      "movableEntity": null,
      "staticEntity": null,
    },
  ],
]
`;
